Images: arro0001.int
Images: arro0002.int
Images: arro0004.int
Images: arro0005.int
Images: arro0006.int
Images: arro0007.int
Images: arro0008.int
Images: arro0009.int
Images: arro0010.int
Images: arro0011.int
Images: arro0012.int
Images: arro0013.int
Images: arro0014.int
Images: arro0015.int
Images: clear1.int
Images: flor0001.int
Images: flor0002.int
Images: flor0003.int
Images: flor0004.int
Images: flor0005.int
Images: flor0006.int
Images: flor0007.int
Images: gflr0001.int
Images: gflr0002.int
Images: gflr0003.int
Images: gflr0004.int
Images: gflr0005.int
Images: gstr0001.int
Images: gstr0002.int
Images: gstr0003.int
Images: gstr0004.int
Images: gstr0005.int
Images: gstr0006.int
Images: gstr0007.int
Images: gstr0008.int
Images: gstr0009.int
Images: gstr0010.int
Images: gstr0011.int
Images: lwal0001.int
Images: lwal0002.int
Images: lwal0003.int
Images: lwal0004.int
Images: lwal0005.int
Images: lwal0006.int
Images: lwal0007.int
Images: lwal0008.int
Images: lwal0009.int
Images: lwal0010.int
Images: lwal0011.int
Images: lwal0012.int
Images: lwal0013.int
Images: lwal0014.int
Images: lwal0015.int
Images: lwal0016.int
Images: lwal0017.int
Images: lwal0018.int
Images: lwal0019.int
Images: lwal0020.int
Images: lwal0021.int
Images: lwal0022.int
Images: lwal0023.int
Images: lwal0024.int
Images: lwal0025.int
Images: lwal0026.int
Images: lwal0027.int
Images: strp0001.int
Images: strp0002.int
Images: strp0003.int
Images: strp0004.int
Images: strp0005.int
Images: strp0006.int
Images: strp0007.int
Images: strp0008.int
Images: strp0009.int
Images: strp0010.int
Images: strp0011.int
Images: wall0001.int
Images: wall0002.int
Images: wall0003.int
Images: wall0004.int
Images: wall0005.int
Images: wall0006.int
Images: wall0007.int
Images: wall0008.int
Images: wall0009.int
Images: wall0010.int
Images: wall0011.int
Images: wall0012.int
Images: wall0013.int
Images: wall0014.int
Images: wall0015.int
Images: wall0016.int
Images: wall0017.int
Images: wall0018.int
Images: wall0019.int
Images: wall0020.int
Images: wall0021.int
Images: wall0022.int
Images: wall0023.int
Images: wall0024.int
Images: wall0025.int
Images: wall0026.int
Images: wall0027.int
Images: wall0028.int
Images: wall0029.int
Images: wall0030.int
Images: wall0031.int
Images: wall0032.int
Images: wall0033.int
Images: wall0034.int
Images: wall0035.int
Images: wall0036.int
Images: wall0037.int
Images: wall0038.int
Images: wall0039.int
Images: wall0040.int
Images: wall0041.int
Images: wall0042.int
Images: wall0043.int
Images: wall0044.int
Images: wall0045.int
Images: wall0046.int
Images: wall0047.int
Images: wall0048.int
Images: wall0049.int
Images: xtra0001.int
Images: xtra0002.int
Images: xtra0003.int
Images: xtra0004.int
Images: xtra0005.int
Images: xtra0006.int
Images: xtra0007.int
Images: xtra0008.int
Images: xtra0009.int
Images: xtra0010.int
Images: xtra0011.int
Images: xtra0012.int
Images: xtra0013.int
Images: xtra0014.int
Images: xtra0015.int
Images: xtra0016.int
